// Jest Snapshot v1, https://goo.gl/fbAQLP

exports[`Favorite should be match with snapshot Code should be not change 1`] = `[Function]`;

exports[`it should be match with snapshot Code should be not change 1`] = `[Function]`;
