// Jest Snapshot v1, https://goo.gl/fbAQLP

exports[`it should be match with snapshot Home Code should be not change 1`] = `[Function]`;
